19:50:42 **** Incremental Build of configuration Debug for project 3_Working_With_ITM_printf ****
make -j16 all 
arm-none-eabi-gcc "../Src/main.c" -mcpu=cortex-m4 -std=gnu11 -g3 -DDEBUG -DNUCLEO_F401RE -DSTM32 -DSTM32F401RETx -DSTM32F4 -DSTM32F401xE -c -I../Inc -I"C:/Users/MSI/Desktop/Work/STM_/Course Udemy/0_test/chip_headers/CMSIS/Include" -I"C:/Users/MSI/Desktop/Work/STM_/Course Udemy/0_test/chip_headers/CMSIS/Device/ST/STM32F4xx/Include" -O0 -ffunction-sections -fdata-sections -Wall -fstack-usage -fcyclomatic-complexity -MMD -MP -MF"Src/main.d" -MT"Src/main.o" --specs=nano.specs -mfpu=fpv4-sp-d16 -mfloat-abi=hard -mthumb -o "Src/main.o"
arm-none-eabi-gcc -o "3_Working_With_ITM_printf.elf" @"objects.list"   -mcpu=cortex-m4 -T"C:\Users\MSI\Desktop\Work\STM_\Course Udemy\3_Working_With_ITM_printf\STM32F401RETX_FLASH.ld" --specs=nosys.specs -Wl,-Map="3_Working_With_ITM_printf.map" -Wl,--gc-sections -static --specs=nano.specs -mfpu=fpv4-sp-d16 -mfloat-abi=hard -mthumb -Wl,--start-group -lc -lm -Wl,--end-group
Finished building target: 3_Working_With_ITM_printf.elf
 
arm-none-eabi-size  3_Working_With_ITM_printf.elf 
arm-none-eabi-objdump -h -S 3_Working_With_ITM_printf.elf  > "3_Working_With_ITM_printf.list"
   text	   data	    bss	    dec	    hex	filename
   3448	     92	   1900	   5440	   1540	3_Working_With_ITM_printf.elf
Finished building: default.size.stdout
 
Finished building: 3_Working_With_ITM_printf.list
 

19:50:43 Build Finished. 0 errors, 0 warnings. (took 539ms)

